Removed Pin From Net: NetName=+5 V Pin=D7-1
Removed Pin From Net: NetName=+5 V Pin=D8-1
Removed Pin From Net: NetName=+5 V Pin=D11-1
Removed Pin From Net: NetName=VCC Pin=J1-01
Removed Pin From Net: NetName=+5 V Pin=J1-02
Removed Pin From Net: NetName=+3.3V Pin=J1-03
Removed Pin From Net: NetName=GND Pin=J1-04
Removed Pin From Net: NetName=+5 V Pin=K1-1
Removed Pin From Net: NetName=+5 V Pin=K2-1
Removed Pin From Net: NetName=+5 V Pin=K3-1
Removed Pin From Net: NetName=+5 V Pin=LS1-1
Removed Pin From Net: NetName=GND Pin=P3-5
Removed Pin From Net: NetName=+3.3V Pin=P3-7
Removed Pin From Net: NetName=+5 V Pin=P4-1
Removed Pin From Net: NetName=GND Pin=P4-4
Removed Pin From Net: NetName=GND Pin=P5-1
Removed Pin From Net: NetName=VCC Pin=P5-3
Removed Pin From Net: NetName=GND Pin=P6-1
Removed Pin From Net: NetName=VCC Pin=P6-3
Removed Pin From Net: NetName=GND Pin=P7-1
Removed Pin From Net: NetName=VCC Pin=P7-3
Removed Pin From Net: NetName=+5 V Pin=P9-1
Removed Pin From Net: NetName=GND Pin=P9-4
Removed Pin From Net: NetName=GND Pin=Q3-1
Removed Pin From Net: NetName=GND Pin=Q4-1
Removed Pin From Net: NetName=GND Pin=Q5-1
Removed Pin From Net: NetName=GND Pin=Q6-1
Removed Pin From Net: NetName=+5 V Pin=R11-2
Removed Pin From Net: NetName=+5 V Pin=R12-2
Removed Pin From Net: NetName=+5 V Pin=R15-2
Removed Pin From Net: NetName=+5 V Pin=U5-4
Removed Pin From Net: NetName=+5 V Pin=U6-4
Removed Pin From Net: NetName=+5 V Pin=U7-4
Removed Member From Class: ClassName=MainBoard Member=J1
Removed Member From Class: ClassName=MainBoard Member=LS1
Removed Member From Class: ClassName=MainBoard Member=P3
Removed Member From Class: ClassName=MainBoard Member=P4
Removed Member From Class: ClassName=Comunicaciones Member=P9
Removed Member From Class: ClassName=MainBoard Member=Q3
Removed Member From Class: ClassName=MainBoard Member=R9
Change Component Comment : Designator=P8 Old Comment=OLED I2C New Comment=OLED_STM
Change Net Name : Old Net Name=LED New Net Name=NetR8_2
Added Pin To Net: NetName=NetU1_8 Pin=U1-8
Added Net: Name=NetU1_8
Added Pin To Net: NetName=NetU1_9 Pin=U1-9
Added Net: Name=NetU1_9
Added Pin To Net: NetName=NetU1_10 Pin=U1-10
Added Net: Name=NetU1_10
Added Pin To Net: NetName=NetU1_11 Pin=U1-11
Added Net: Name=NetU1_11
Added Pin To Net: NetName=NetU1_12 Pin=U1-12
Added Net: Name=NetU1_12
Added Pin To Net: NetName=NetU1_13 Pin=U1-13
Added Net: Name=NetU1_13
Added Pin To Net: NetName=NetU1_14 Pin=U1-14
Added Net: Name=NetU1_14
Added Pin To Net: NetName=NetU1_16 Pin=U1-16
Added Net: Name=NetU1_16
Added Pin To Net: NetName=NetU1_23 Pin=U1-23
Added Net: Name=NetU1_23
Added Pin To Net: NetName=NetU1_29 Pin=U1-29
Added Net: Name=NetU1_29
Added Pin To Net: NetName=NetU1_30 Pin=U1-30
Added Net: Name=NetU1_30
Added Pin To Net: NetName=NetU1_31 Pin=U1-31
Added Net: Name=NetU1_31
Added Pin To Net: NetName=NetU1_37 Pin=U1-37
Added Net: Name=NetU1_37
Added Room: Name=Comunicaciones
Added Room: Name=ESP32-WROOM-32E
Added Room: Name=Fuentes
Added Room: Name=MainBoard
