Added Component: Designator=C1(CAPC2012N)
Added Component: Designator=C2(CAPC1608N)
Added Component: Designator=C3(CAPC1608N)
Added Component: Designator=C4(CAPC1608N)
Added Component: Designator=C5(CAPC2012N)
Added Component: Designator=C6(CapElecSMD_10mm)
Added Component: Designator=C7(CapElecSMD_8mm)
Added Component: Designator=C8(CAPC3225N)
Added Component: Designator=C9(CAPC3225N)
Added Component: Designator=D1(CD1608-0603)
Added Component: Designator=D2(SOT-23_N)
Added Component: Designator=D3(SMB)
Added Component: Designator=D4(SMC)
Added Component: Designator=D5(CD1608-0603)
Added Component: Designator=D6(SOD-123_ONS-M)
Added Component: Designator=D7(SOD-323)
Added Component: Designator=D8(SOD-323)
Added Component: Designator=D9(CD1608-0603)
Added Component: Designator=D10(CD1608-0603)
Added Component: Designator=D11(SOD-323)
Added Component: Designator=D12(SOD-323)
Added Component: Designator=D13(CD1608-0603)
Added Component: Designator=D14(CD1608-0603)
Added Component: Designator=F1(FUSE_PTS18126_COB)
Added Component: Designator=F2(MF-USMF050-2)
Added Component: Designator=F3(MF-USMF050-2)
Added Component: Designator=J1(CONN_5444262_PXC)
Added Component: Designator=J2(PHOENIX_1803374)
Added Component: Designator=J3(Bornera_3.81mm_90_V_x3)
Added Component: Designator=K1(RELAY_G6DN-1A_OMR)
Added Component: Designator=K2(RELAY_G6DN-1A_OMR)
Added Component: Designator=K3(RELAY_G6DN-1A_OMR)
Added Component: Designator=K4(RELAY_G6DN-1A_OMR)
Added Component: Designator=L1(INDUCTOR_47UH_3A)
Added Component: Designator=LS1(BUZZER)
Added Component: Designator=P1(ZX62-B-5PA(33))
Added Component: Designator=P2(HDR1X4)
Added Component: Designator=P3(CON1X4)
Added Component: Designator=Q1(SOT23_N)
Added Component: Designator=Q1(S8050)
Added Component: Designator=Q2(S8050)
Added Component: Designator=Q3(SOT23_N)
Added Component: Designator=Q4(SOT23_N)
Added Component: Designator=Q5(SOT23_N)
Added Component: Designator=Q6(SOT23_N)
Added Component: Designator=R1(RESC1608N)
Added Component: Designator=R1(RESC2012N)
Added Component: Designator=R2(RESC2012N)
Added Component: Designator=R3(RESC1608N)
Added Component: Designator=R4(RESC2012N)
Added Component: Designator=R5(RESC2012N)
Added Component: Designator=R6(RESC2012N)
Added Component: Designator=R7(RESC2012N)
Added Component: Designator=R8(RESC2012N)
Added Component: Designator=R9(RESC1608N)
Added Component: Designator=R10(RESC2012N)
Added Component: Designator=R11(RESC2012N)
Added Component: Designator=R12(RESC2012N)
Added Component: Designator=R13(RESC2012N)
Added Component: Designator=R14(RESC2012N)
Added Component: Designator=R15(RESC2012N)
Added Component: Designator=R16(RESC2012N)
Added Component: Designator=R17(RESC2012N)
Added Component: Designator=R18(RESC2012N)
Added Component: Designator=R19(RESC2012N)
Added Component: Designator=R20(RESC2012N)
Added Component: Designator=R21(RESC2012N)
Added Component: Designator=R22(RESC2012N)
Added Component: Designator=R23(RESC1608N)
Added Component: Designator=R24(RESC1608N)
Added Component: Designator=S1(SWITCH TACTILE SPST-NO 0.05A 12V)
Added Component: Designator=S2(SWITCH TACTILE SPST-NO 0.05A 12V)
Added Component: Designator=U1(ESP32-WROOM-32E)
Added Component: Designator=U2(CP2102)
Added Component: Designator=U3(TS5B_N)
Added Component: Designator=U4(SOT223)
Added Component: Designator=U5(OPTOISOLATOR 5KV TRANSISTOR 4SMD)
Added Component: Designator=U6(OPTOISOLATOR 5KV TRANSISTOR 4SMD)
Added Component: Designator=U7(OPTOISOLATOR 5KV TRANSISTOR 4SMD)
Added Component: Designator=U8(OPTOISOLATOR 5KV TRANSISTOR 4SMD)
Added Component: Designator=U9(M08A_N)
Added Component: Designator=ZA1(SMB)
Added Component: Designator=ZA2(SOD-323)
Added Component: Designator=ZA3(SOD-323)
Added Component: Designator=ZA4(SOD-323)
Added Pin To Net: NetName=+3.3V Pin=C2-1
Added Pin To Net: NetName=+3.3V Pin=C3-1
Added Pin To Net: NetName=+3.3V Pin=C4-1
Added Pin To Net: NetName=+3.3V Pin=C8-1
Added Pin To Net: NetName=+3.3V Pin=D1-1
Added Pin To Net: NetName=+3.3V Pin=P2-2
Added Pin To Net: NetName=+3.3V Pin=R1-2
Added Pin To Net: NetName=+3.3V Pin=R2-2
Added Pin To Net: NetName=+3.3V Pin=R7-2
Added Pin To Net: NetName=+3.3V Pin=R23-2
Added Pin To Net: NetName=+3.3V Pin=R24-2
Added Pin To Net: NetName=+3.3V Pin=U1-2
Added Pin To Net: NetName=+3.3V Pin=U2-6
Added Pin To Net: NetName=+3.3V Pin=U2-7
Added Pin To Net: NetName=+3.3V Pin=U4-2
Added Pin To Net: NetName=+3.3V Pin=U4-4
Added Net: Name=+3.3V
Added Pin To Net: NetName=+5 V Pin=C7-1
Added Pin To Net: NetName=+5 V Pin=C9-1
Added Pin To Net: NetName=+5 V Pin=D2-3
Added Pin To Net: NetName=+5 V Pin=D6-1
Added Pin To Net: NetName=+5 V Pin=D7-1
Added Pin To Net: NetName=+5 V Pin=D8-1
Added Pin To Net: NetName=+5 V Pin=D11-1
Added Pin To Net: NetName=+5 V Pin=D12-1
Added Pin To Net: NetName=+5 V Pin=K1-1
Added Pin To Net: NetName=+5 V Pin=K2-1
Added Pin To Net: NetName=+5 V Pin=K3-1
Added Pin To Net: NetName=+5 V Pin=K4-1
Added Pin To Net: NetName=+5 V Pin=L1-2
Added Pin To Net: NetName=+5 V Pin=LS1-1
Added Pin To Net: NetName=+5 V Pin=P3-1
Added Pin To Net: NetName=+5 V Pin=R9-2
Added Pin To Net: NetName=+5 V Pin=R10-2
Added Pin To Net: NetName=+5 V Pin=R11-2
Added Pin To Net: NetName=+5 V Pin=R14-2
Added Pin To Net: NetName=+5 V Pin=R15-2
Added Pin To Net: NetName=+5 V Pin=R18-2
Added Pin To Net: NetName=+5 V Pin=R19-2
Added Pin To Net: NetName=+5 V Pin=R20-2
Added Pin To Net: NetName=+5 V Pin=R21-2
Added Pin To Net: NetName=+5 V Pin=U3-4
Added Pin To Net: NetName=+5 V Pin=U4-3
Added Pin To Net: NetName=+5 V Pin=U5-4
Added Pin To Net: NetName=+5 V Pin=U6-4
Added Pin To Net: NetName=+5 V Pin=U7-4
Added Pin To Net: NetName=+5 V Pin=U8-4
Added Pin To Net: NetName=+5 V Pin=U9-8
Added Pin To Net: NetName=+5 V Pin=ZA2-1
Added Net: Name=+5 V
Added Pin To Net: NetName=BUZZER Pin=R1-1
Added Net: Name=BUZZER
Added Pin To Net: NetName=COM1 Pin=J2-02
Added Pin To Net: NetName=COM1 Pin=K1-5
Added Net: Name=COM1
Added Pin To Net: NetName=COM2 Pin=J2-04
Added Pin To Net: NetName=COM2 Pin=K3-5
Added Net: Name=COM2
Added Pin To Net: NetName=COM3 Pin=J2-06
Added Pin To Net: NetName=COM3 Pin=K2-5
Added Net: Name=COM3
Added Pin To Net: NetName=COM4 Pin=J2-08
Added Pin To Net: NetName=COM4 Pin=K4-5
Added Net: Name=COM4
Added Pin To Net: NetName=COM5 Pin=J2-10
Added Net: Name=COM5
Added Pin To Net: NetName=COM6 Pin=J2-12
Added Net: Name=COM6
Added Pin To Net: NetName=D+ Pin=P1-3
Added Pin To Net: NetName=D+ Pin=U2-4
Added Net: Name=D+
Added Pin To Net: NetName=D- Pin=P1-2
Added Pin To Net: NetName=D- Pin=U2-5
Added Net: Name=D-
Added Pin To Net: NetName=DTR Pin=Q2-2
Added Pin To Net: NetName=DTR Pin=R4-2
Added Pin To Net: NetName=DTR Pin=U2-28
Added Net: Name=DTR
Added Pin To Net: NetName=EN Pin=C1-1
Added Pin To Net: NetName=EN Pin=Q1-3
Added Pin To Net: NetName=EN Pin=R1-1
Added Pin To Net: NetName=EN Pin=S1-2
Added Pin To Net: NetName=EN Pin=U1-3
Added Net: Name=EN
Added Pin To Net: NetName=GND Pin=C1-2
Added Pin To Net: NetName=GND Pin=C2-2
Added Pin To Net: NetName=GND Pin=C3-2
Added Pin To Net: NetName=GND Pin=C4-2
Added Pin To Net: NetName=GND Pin=C5-2
Added Pin To Net: NetName=GND Pin=C6-2
Added Pin To Net: NetName=GND Pin=C7-2
Added Pin To Net: NetName=GND Pin=C8-2
Added Pin To Net: NetName=GND Pin=C9-2
Added Pin To Net: NetName=GND Pin=D4-1
Added Pin To Net: NetName=GND Pin=D5-2
Added Pin To Net: NetName=GND Pin=D6-2
Added Pin To Net: NetName=GND Pin=J1-1
Added Pin To Net: NetName=GND Pin=J3-3
Added Pin To Net: NetName=GND Pin=P1-5
Added Pin To Net: NetName=GND Pin=P2-1
Added Pin To Net: NetName=GND Pin=P3-4
Added Pin To Net: NetName=GND Pin=Q1-2
Added Pin To Net: NetName=GND Pin=Q3-2
Added Pin To Net: NetName=GND Pin=Q4-2
Added Pin To Net: NetName=GND Pin=Q5-2
Added Pin To Net: NetName=GND Pin=Q6-2
Added Pin To Net: NetName=GND Pin=R8-2
Added Pin To Net: NetName=GND Pin=R22-1
Added Pin To Net: NetName=GND Pin=S1-1
Added Pin To Net: NetName=GND Pin=S2-1
Added Pin To Net: NetName=GND Pin=U1-1
Added Pin To Net: NetName=GND Pin=U1-15
Added Pin To Net: NetName=GND Pin=U1-38
Added Pin To Net: NetName=GND Pin=U1-39
Added Pin To Net: NetName=GND Pin=U1-40
Added Pin To Net: NetName=GND Pin=U1-41
Added Pin To Net: NetName=GND Pin=U1-42
Added Pin To Net: NetName=GND Pin=U1-43
Added Pin To Net: NetName=GND Pin=U1-44
Added Pin To Net: NetName=GND Pin=U1-45
Added Pin To Net: NetName=GND Pin=U1-46
Added Pin To Net: NetName=GND Pin=U1-47
Added Pin To Net: NetName=GND Pin=U3-3
Added Pin To Net: NetName=GND Pin=U3-5
Added Pin To Net: NetName=GND Pin=U3-6
Added Pin To Net: NetName=GND Pin=U4-1
Added Pin To Net: NetName=GND Pin=U9-5
Added Pin To Net: NetName=GND Pin=ZA1-2
Added Pin To Net: NetName=GND Pin=ZA4-2
Added Net: Name=GND
Added Pin To Net: NetName=IN1 Pin=J2-01
Added Pin To Net: NetName=IN1 Pin=K1-8
Added Net: Name=IN1
Added Pin To Net: NetName=IN2 Pin=J2-03
Added Pin To Net: NetName=IN2 Pin=K3-8
Added Net: Name=IN2
Added Pin To Net: NetName=IN3 Pin=J2-05
Added Pin To Net: NetName=IN3 Pin=K2-8
Added Net: Name=IN3
Added Pin To Net: NetName=IN4 Pin=J2-07
Added Pin To Net: NetName=IN4 Pin=K4-8
Added Net: Name=IN4
Added Pin To Net: NetName=IN5 Pin=J2-09
Added Net: Name=IN5
Added Pin To Net: NetName=IN6 Pin=J2-11
Added Net: Name=IN6
Added Pin To Net: NetName=IO0 Pin=C5-1
Added Pin To Net: NetName=IO0 Pin=Q2-3
Added Pin To Net: NetName=IO0 Pin=R2-1
Added Pin To Net: NetName=IO0 Pin=S2-2
Added Pin To Net: NetName=IO0 Pin=U1-25
Added Net: Name=IO0
Added Pin To Net: NetName=NetC6_1 Pin=C6-1
Added Pin To Net: NetName=NetC6_1 Pin=F1-2
Added Pin To Net: NetName=NetC6_1 Pin=U3-1
Added Pin To Net: NetName=NetC6_1 Pin=ZA1-1
Added Net: Name=NetC6_1
Added Pin To Net: NetName=NetD1_2 Pin=D1-2
Added Pin To Net: NetName=NetD1_2 Pin=R3-1
Added Net: Name=NetD1_2
Added Pin To Net: NetName=NetD2_1 Pin=D2-1
Added Pin To Net: NetName=NetD2_1 Pin=P1-1
Added Pin To Net: NetName=NetD2_1 Pin=R6-1
Added Net: Name=NetD2_1
Added Pin To Net: NetName=NetD3_2 Pin=D3-2
Added Pin To Net: NetName=NetD3_2 Pin=J1-2
Added Net: Name=NetD3_2
Added Pin To Net: NetName=NetD4_2 Pin=D4-2
Added Pin To Net: NetName=NetD4_2 Pin=L1-1
Added Pin To Net: NetName=NetD4_2 Pin=U3-2
Added Net: Name=NetD4_2
Added Pin To Net: NetName=NetD5_1 Pin=D5-1
Added Pin To Net: NetName=NetD5_1 Pin=R9-1
Added Net: Name=NetD5_1
Added Pin To Net: NetName=NetD7_2 Pin=D7-2
Added Pin To Net: NetName=NetD7_2 Pin=K1-2
Added Pin To Net: NetName=NetD7_2 Pin=Q3-3
Added Net: Name=NetD7_2
Added Pin To Net: NetName=NetD8_2 Pin=D8-2
Added Pin To Net: NetName=NetD8_2 Pin=K2-2
Added Pin To Net: NetName=NetD8_2 Pin=Q4-3
Added Net: Name=NetD8_2
Added Pin To Net: NetName=NetD9_1 Pin=D9-1
Added Pin To Net: NetName=NetD9_1 Pin=U5-2
Added Net: Name=NetD9_1
Added Pin To Net: NetName=NetD9_2 Pin=D9-2
Added Net: Name=NetD9_2
Added Pin To Net: NetName=NetD10_1 Pin=D10-1
Added Pin To Net: NetName=NetD10_1 Pin=U6-2
Added Net: Name=NetD10_1
Added Pin To Net: NetName=NetD10_2 Pin=D10-2
Added Net: Name=NetD10_2
Added Pin To Net: NetName=NetD11_2 Pin=D11-2
Added Pin To Net: NetName=NetD11_2 Pin=K3-2
Added Pin To Net: NetName=NetD11_2 Pin=Q5-3
Added Net: Name=NetD11_2
Added Pin To Net: NetName=NetD12_2 Pin=D12-2
Added Pin To Net: NetName=NetD12_2 Pin=K4-2
Added Pin To Net: NetName=NetD12_2 Pin=Q6-3
Added Net: Name=NetD12_2
Added Pin To Net: NetName=NetD13_1 Pin=D13-1
Added Pin To Net: NetName=NetD13_1 Pin=U7-2
Added Net: Name=NetD13_1
Added Pin To Net: NetName=NetD13_2 Pin=D13-2
Added Net: Name=NetD13_2
Added Pin To Net: NetName=NetD14_1 Pin=D14-1
Added Pin To Net: NetName=NetD14_1 Pin=U8-2
Added Net: Name=NetD14_1
Added Pin To Net: NetName=NetD14_2 Pin=D14-2
Added Net: Name=NetD14_2
Added Pin To Net: NetName=NetF2_1 Pin=F2-1
Added Pin To Net: NetName=NetF2_1 Pin=R22-2
Added Pin To Net: NetName=NetF2_1 Pin=U9-7
Added Pin To Net: NetName=NetF2_1 Pin=ZA3-1
Added Pin To Net: NetName=NetF2_1 Pin=ZA4-1
Added Net: Name=NetF2_1
Added Pin To Net: NetName=NetF2_2 Pin=F2-2
Added Pin To Net: NetName=NetF2_2 Pin=J3-1
Added Net: Name=NetF2_2
Added Pin To Net: NetName=NetF3_1 Pin=F3-1
Added Pin To Net: NetName=NetF3_1 Pin=R18-1
Added Pin To Net: NetName=NetF3_1 Pin=U9-6
Added Pin To Net: NetName=NetF3_1 Pin=ZA2-2
Added Pin To Net: NetName=NetF3_1 Pin=ZA3-2
Added Net: Name=NetF3_1
Added Pin To Net: NetName=NetF3_2 Pin=F3-2
Added Pin To Net: NetName=NetF3_2 Pin=J3-2
Added Net: Name=NetF3_2
Added Pin To Net: NetName=NetLS1_2 Pin=LS1-2
Added Pin To Net: NetName=NetLS1_2 Pin=Q1-3
Added Net: Name=NetLS1_2
Added Pin To Net: NetName=NetP2_3 Pin=P2-3
Added Pin To Net: NetName=NetP2_3 Pin=R23-1
Added Net: Name=NetP2_3
Added Pin To Net: NetName=NetP2_4 Pin=P2-4
Added Pin To Net: NetName=NetP2_4 Pin=R24-1
Added Net: Name=NetP2_4
Added Pin To Net: NetName=NetP3_2 Pin=P3-2
Added Net: Name=NetP3_2
Added Pin To Net: NetName=NetP3_3 Pin=P3-3
Added Net: Name=NetP3_3
Added Pin To Net: NetName=NetQ1_1 Pin=Q1-1
Added Pin To Net: NetName=NetQ1_1 Pin=R1-2
Added Net: Name=NetQ1_1
Added Pin To Net: NetName=NetQ2_1 Pin=Q2-1
Added Pin To Net: NetName=NetQ2_1 Pin=R5-2
Added Net: Name=NetQ2_1
Added Pin To Net: NetName=NetQ3_1 Pin=Q3-1
Added Pin To Net: NetName=NetQ3_1 Pin=R12-2
Added Net: Name=NetQ3_1
Added Pin To Net: NetName=NetQ4_1 Pin=Q4-1
Added Pin To Net: NetName=NetQ4_1 Pin=R13-2
Added Net: Name=NetQ4_1
Added Pin To Net: NetName=NetQ5_1 Pin=Q5-1
Added Pin To Net: NetName=NetQ5_1 Pin=R16-2
Added Net: Name=NetQ5_1
Added Pin To Net: NetName=NetQ6_1 Pin=Q6-1
Added Pin To Net: NetName=NetQ6_1 Pin=R17-2
Added Net: Name=NetQ6_1
Added Pin To Net: NetName=NetR7_1 Pin=R7-1
Added Pin To Net: NetName=NetR7_1 Pin=U2-9
Added Net: Name=NetR7_1
Added Pin To Net: NetName=NetR10_1 Pin=R10-1
Added Pin To Net: NetName=NetR10_1 Pin=U5-1
Added Net: Name=NetR10_1
Added Pin To Net: NetName=NetR11_1 Pin=R11-1
Added Pin To Net: NetName=NetR11_1 Pin=U6-1
Added Net: Name=NetR11_1
Added Pin To Net: NetName=NetR12_1 Pin=R12-1
Added Pin To Net: NetName=NetR12_1 Pin=U5-3
Added Net: Name=NetR12_1
Added Pin To Net: NetName=NetR13_1 Pin=R13-1
Added Pin To Net: NetName=NetR13_1 Pin=U6-3
Added Net: Name=NetR13_1
Added Pin To Net: NetName=NetR14_1 Pin=R14-1
Added Pin To Net: NetName=NetR14_1 Pin=U7-1
Added Net: Name=NetR14_1
Added Pin To Net: NetName=NetR15_1 Pin=R15-1
Added Pin To Net: NetName=NetR15_1 Pin=U8-1
Added Net: Name=NetR15_1
Added Pin To Net: NetName=NetR16_1 Pin=R16-1
Added Pin To Net: NetName=NetR16_1 Pin=U7-3
Added Net: Name=NetR16_1
Added Pin To Net: NetName=NetR17_1 Pin=R17-1
Added Pin To Net: NetName=NetR17_1 Pin=U8-3
Added Net: Name=NetR17_1
Added Pin To Net: NetName=NetR19_1 Pin=R19-1
Added Pin To Net: NetName=NetR19_1 Pin=U9-1
Added Net: Name=NetR19_1
Added Pin To Net: NetName=NetR20_1 Pin=R20-1
Added Pin To Net: NetName=NetR20_1 Pin=U9-2
Added Pin To Net: NetName=NetR20_1 Pin=U9-3
Added Net: Name=NetR20_1
Added Pin To Net: NetName=NetR21_1 Pin=R21-1
Added Pin To Net: NetName=NetR21_1 Pin=U9-4
Added Net: Name=NetR21_1
Added Pin To Net: NetName=NetU1_4 Pin=U1-4
Added Net: Name=NetU1_4
Added Pin To Net: NetName=NetU1_5 Pin=U1-5
Added Net: Name=NetU1_5
Added Pin To Net: NetName=NetU1_6 Pin=U1-6
Added Net: Name=NetU1_6
Added Pin To Net: NetName=NetU1_7 Pin=U1-7
Added Net: Name=NetU1_7
Added Pin To Net: NetName=NetU1_8 Pin=U1-8
Added Net: Name=NetU1_8
Added Pin To Net: NetName=NetU1_9 Pin=U1-9
Added Net: Name=NetU1_9
Added Pin To Net: NetName=NetU1_10 Pin=U1-10
Added Net: Name=NetU1_10
Added Pin To Net: NetName=NetU1_11 Pin=U1-11
Added Net: Name=NetU1_11
Added Pin To Net: NetName=NetU1_12 Pin=U1-12
Added Net: Name=NetU1_12
Added Pin To Net: NetName=NetU1_13 Pin=U1-13
Added Net: Name=NetU1_13
Added Pin To Net: NetName=NetU1_14 Pin=U1-14
Added Net: Name=NetU1_14
Added Pin To Net: NetName=NetU1_16 Pin=U1-16
Added Net: Name=NetU1_16
Added Pin To Net: NetName=NetU1_23 Pin=U1-23
Added Net: Name=NetU1_23
Added Pin To Net: NetName=NetU1_24 Pin=U1-24
Added Net: Name=NetU1_24
Added Pin To Net: NetName=NetU1_26 Pin=U1-26
Added Net: Name=NetU1_26
Added Pin To Net: NetName=NetU1_27 Pin=U1-27
Added Net: Name=NetU1_27
Added Pin To Net: NetName=NetU1_28 Pin=U1-28
Added Net: Name=NetU1_28
Added Pin To Net: NetName=NetU1_29 Pin=U1-29
Added Net: Name=NetU1_29
Added Pin To Net: NetName=NetU1_30 Pin=U1-30
Added Net: Name=NetU1_30
Added Pin To Net: NetName=NetU1_31 Pin=U1-31
Added Net: Name=NetU1_31
Added Pin To Net: NetName=NetU1_33 Pin=U1-33
Added Net: Name=NetU1_33
Added Pin To Net: NetName=NetU1_36 Pin=U1-36
Added Net: Name=NetU1_36
Added Pin To Net: NetName=NetU1_37 Pin=U1-37
Added Net: Name=NetU1_37
Added Pin To Net: NetName=NetU2_3 Pin=U2-3
Added Pin To Net: NetName=NetU2_3 Pin=U2-29
Added Net: Name=NetU2_3
Added Pin To Net: NetName=PC13 Pin=R3-2
Added Net: Name=PC13
Added Pin To Net: NetName=RTS Pin=Q1-2
Added Pin To Net: NetName=RTS Pin=R5-1
Added Pin To Net: NetName=RTS Pin=U2-24
Added Net: Name=RTS
Added Pin To Net: NetName=RXD0 Pin=U1-34
Added Pin To Net: NetName=RXD0 Pin=U2-26
Added Net: Name=RXD0
Added Pin To Net: NetName=TXD0 Pin=U1-35
Added Pin To Net: NetName=TXD0 Pin=U2-25
Added Net: Name=TXD0
Added Pin To Net: NetName=VBUS Pin=R6-2
Added Pin To Net: NetName=VBUS Pin=R8-1
Added Pin To Net: NetName=VBUS Pin=U2-8
Added Net: Name=VBUS
Added Pin To Net: NetName=VCC Pin=D3-1
Added Pin To Net: NetName=VCC Pin=F1-1
Added Net: Name=VCC
Added Class: Name=Comunicaciones
Added Class: Name=ESP32-WROOM-32E
Added Class: Name=Fuentes
Added Class: Name=MainBoard
Added Class: Name=Salidas con relé
Added Room: Name=Comunicaciones
Added Room: Name=ESP32-WROOM-32E
Added Room: Name=Fuentes
Added Room: Name=MainBoard
Added Room: Name=Salidas con relé
