Change Component Designator: Old Designator=D8 New Designator=D9
Change Component Designator: Old Designator=D9 New Designator=D11
Change Component Designator: Old Designator=D10 New Designator=D13
Change Component Designator: Old Designator=D11 New Designator=D8
Change Component Designator: Old Designator=D11 New Designator=D12
Change Component Designator: Old Designator=D12 New Designator=D10
Change Component Designator: Old Designator=D12 New Designator=D14
Change Component Designator: Old Designator=K2 New Designator=K3
Change Component Designator: Old Designator=K3 New Designator=K2
Change Component Designator: Old Designator=K3 New Designator=K4
Change Component Designator: Old Designator=Q4 New Designator=Q5
Change Component Designator: Old Designator=Q5 New Designator=Q4
Change Component Designator: Old Designator=Q5 New Designator=Q6
Change Component Designator: Old Designator=R13 New Designator=R14
Change Component Designator: Old Designator=R14 New Designator=R16
Change Component Designator: Old Designator=R15 New Designator=R18
Change Component Designator: Old Designator=R16 New Designator=R13
Change Component Designator: Old Designator=R16 New Designator=R17
Change Component Designator: Old Designator=R17 New Designator=R15
Change Component Designator: Old Designator=R17 New Designator=R19
Change Component Designator: Old Designator=U6 New Designator=U7
Change Component Designator: Old Designator=U7 New Designator=U6
Change Component Designator: Old Designator=U7 New Designator=U8
